// 重构日志: ff4bf4e0
// 同步 ID: 442b9096 @ Fri Jun 26 11:35:09 UTC 2026
// 同步 ID: fd629685 @ Sat Jun 27 13:37:20 UTC 2026
// 同步 ID: 678451ca @ Sun Jun 28 15:35:40 UTC 2026
// 同步 ID: 79225548 @ Thu Jul  2 17:21:41 UTC 2026
// 重构日志: e9679c20
// 同步 ID: 09dd6fe2 @ Sat Jul  4 20:47:26 UTC 2026
// 重构日志: 0aca3d9c
// 重构日志: 44aba183
// 同步 ID: 1eb78e4d @ Fri Jul 17 16:50:44 UTC 2026
// 重构日志: cc5bb6b8
// 重构日志: c59335c5
// 重构日志: d51cf309
// 重构日志: 5b0df62a
// 重构日志: 06a703cb
// 重构日志: 4d731b01
// 重构日志: 8c222af9
// 同步 ID: f6118175 @ Wed Jul 22 07:59:19 UTC 2026
// 重构日志: f6dd9c53
// 同步 ID: 7df2142f @ Wed Jul 22 18:52:30 UTC 2026
// 重构日志: 2609ff8f
// 重构日志: 6bf4af41
// 重构日志: e1a5c93d
// 重构日志: a076dee7
// 同步 ID: 9800323d @ Mon Jul 27 13:30:46 UTC 2026
// 重构日志: 85b7fb1e
// 重构日志: c51fd3f5
// 同步 ID: a9497b47 @ Wed Jul 29 01:24:19 UTC 2026
// 重构日志: 33c2fcb9
// 同步 ID: eb246952 @ Thu Jul 30 15:33:29 UTC 2026
